  Determinando los proyectos que se van a restaurar...
  Todos los proyectos están actualizados para la restauración.
C:\softcoinp\Softcoinp.Backend\Controllers\AnotacionesController.cs(41,45): error CS8072: Una expresión lambda de árbol de expresión no puede contener un operador de propagación NULL. [C:\softcoinp\Softcoinp.Backend\Softcoinp.Backend.csproj]
C:\softcoinp\Softcoinp.Backend\Controllers\AnotacionesController.cs(42,47): error CS8072: Una expresión lambda de árbol de expresión no puede contener un operador de propagación NULL. [C:\softcoinp\Softcoinp.Backend\Softcoinp.Backend.csproj]
C:\softcoinp\Softcoinp.Backend\Controllers\AnotacionesController.cs(43,48): error CS8072: Una expresión lambda de árbol de expresión no puede contener un operador de propagación NULL. [C:\softcoinp\Softcoinp.Backend\Softcoinp.Backend.csproj]
C:\softcoinp\Softcoinp.Backend\Controllers\AnotacionesController.cs(45,44): error CS8072: Una expresión lambda de árbol de expresión no puede contener un operador de propagación NULL. [C:\softcoinp\Softcoinp.Backend\Softcoinp.Backend.csproj]
C:\softcoinp\Softcoinp.Backend\Models\User.cs(12,23): warning CS8618: El elemento propiedad "Email" que no acepta valores NULL debe contener un valor distinto de NULL al salir del constructor. Considere la posibilidad de agregar el modificador "required'"o declarar el propiedad como un valor que acepta valores NULL. [C:\softcoinp\Softcoinp.Backend\Softcoinp.Backend.csproj]
C:\softcoinp\Softcoinp.Backend\Models\User.cs(15,23): warning CS8618: El elemento propiedad "PasswordHash" que no acepta valores NULL debe contener un valor distinto de NULL al salir del constructor. Considere la posibilidad de agregar el modificador "required'"o declarar el propiedad como un valor que acepta valores NULL. [C:\softcoinp\Softcoinp.Backend\Softcoinp.Backend.csproj]
C:\softcoinp\Softcoinp.Backend\Controllers\VehiculosController.cs(69,109): warning CS8602: Desreferencia de una referencia posiblemente NULL. [C:\softcoinp\Softcoinp.Backend\Softcoinp.Backend.csproj]
C:\softcoinp\Softcoinp.Backend\Controllers\VehiculosController.cs(69,132): warning CS8602: Desreferencia de una referencia posiblemente NULL. [C:\softcoinp\Softcoinp.Backend\Softcoinp.Backend.csproj]
C:\softcoinp\Softcoinp.Backend\Controllers\VehiculosController.cs(79,69): warning CS8604: Posible argumento de referencia nulo para el parámetro "matchExpression" en "bool NpgsqlDbFunctionsExtensions.ILike(DbFunctions _, string matchExpression, string pattern)". [C:\softcoinp\Softcoinp.Backend\Softcoinp.Backend.csproj]
C:\softcoinp\Softcoinp.Backend\Controllers\VehiculosController.cs(82,69): warning CS8604: Posible argumento de referencia nulo para el parámetro "matchExpression" en "bool NpgsqlDbFunctionsExtensions.ILike(DbFunctions _, string matchExpression, string pattern)". [C:\softcoinp\Softcoinp.Backend\Softcoinp.Backend.csproj]
C:\softcoinp\Softcoinp.Backend\Controllers\VehiculosController.cs(88,69): warning CS8604: Posible argumento de referencia nulo para el parámetro "matchExpression" en "bool NpgsqlDbFunctionsExtensions.ILike(DbFunctions _, string matchExpression, string pattern)". [C:\softcoinp\Softcoinp.Backend\Softcoinp.Backend.csproj]
C:\softcoinp\Softcoinp.Backend\Controllers\AnotacionesController.cs(160,45): error CS8072: Una expresión lambda de árbol de expresión no puede contener un operador de propagación NULL. [C:\softcoinp\Softcoinp.Backend\Softcoinp.Backend.csproj]
C:\softcoinp\Softcoinp.Backend\Controllers\AnotacionesController.cs(161,47): error CS8072: Una expresión lambda de árbol de expresión no puede contener un operador de propagación NULL. [C:\softcoinp\Softcoinp.Backend\Softcoinp.Backend.csproj]
C:\softcoinp\Softcoinp.Backend\Controllers\AnotacionesController.cs(162,48): error CS8072: Una expresión lambda de árbol de expresión no puede contener un operador de propagación NULL. [C:\softcoinp\Softcoinp.Backend\Softcoinp.Backend.csproj]
C:\softcoinp\Softcoinp.Backend\Controllers\CorrespondenciaController.cs(128,59): warning CS8625: No se puede convertir un literal NULL en un tipo de referencia que no acepta valores NULL. [C:\softcoinp\Softcoinp.Backend\Softcoinp.Backend.csproj]
C:\softcoinp\Softcoinp.Backend\Controllers\CorrespondenciaController.cs(143,59): warning CS8625: No se puede convertir un literal NULL en un tipo de referencia que no acepta valores NULL. [C:\softcoinp\Softcoinp.Backend\Softcoinp.Backend.csproj]
C:\softcoinp\Softcoinp.Backend\Controllers\RegistroVehiculoController.cs(175,59): warning CS8625: No se puede convertir un literal NULL en un tipo de referencia que no acepta valores NULL. [C:\softcoinp\Softcoinp.Backend\Softcoinp.Backend.csproj]
C:\softcoinp\Softcoinp.Backend\Controllers\PersonalController.cs(66,59): warning CS8625: No se puede convertir un literal NULL en un tipo de referencia que no acepta valores NULL. [C:\softcoinp\Softcoinp.Backend\Softcoinp.Backend.csproj]
C:\softcoinp\Softcoinp.Backend\Controllers\RegistrosController.cs(124,59): warning CS8625: No se puede convertir un literal NULL en un tipo de referencia que no acepta valores NULL. [C:\softcoinp\Softcoinp.Backend\Softcoinp.Backend.csproj]
C:\softcoinp\Softcoinp.Backend\Controllers\PersonalController.cs(107,59): warning CS8625: No se puede convertir un literal NULL en un tipo de referencia que no acepta valores NULL. [C:\softcoinp\Softcoinp.Backend\Softcoinp.Backend.csproj]
C:\softcoinp\Softcoinp.Backend\Controllers\RegistrosController.cs(548,26): warning CS8601: Posible asignación de referencia nula. [C:\softcoinp\Softcoinp.Backend\Softcoinp.Backend.csproj]
C:\softcoinp\Softcoinp.Backend\Controllers\MaintenanceController.cs(53,41): warning EF1002: Method 'ExecuteSqlRawAsync' inserts interpolated strings directly into the SQL, without any protection against SQL injection. Consider using 'ExecuteSqlAsync' instead, which protects against SQL injection, or make sure that the value is sanitized and suppress the warning. [C:\softcoinp\Softcoinp.Backend\Softcoinp.Backend.csproj]

ERROR al compilar.

C:\softcoinp\Softcoinp.Backend\Models\User.cs(12,23): warning CS8618: El elemento propiedad "Email" que no acepta valores NULL debe contener un valor distinto de NULL al salir del constructor. Considere la posibilidad de agregar el modificador "required'"o declarar el propiedad como un valor que acepta valores NULL. [C:\softcoinp\Softcoinp.Backend\Softcoinp.Backend.csproj]
C:\softcoinp\Softcoinp.Backend\Models\User.cs(15,23): warning CS8618: El elemento propiedad "PasswordHash" que no acepta valores NULL debe contener un valor distinto de NULL al salir del constructor. Considere la posibilidad de agregar el modificador "required'"o declarar el propiedad como un valor que acepta valores NULL. [C:\softcoinp\Softcoinp.Backend\Softcoinp.Backend.csproj]
C:\softcoinp\Softcoinp.Backend\Controllers\VehiculosController.cs(69,109): warning CS8602: Desreferencia de una referencia posiblemente NULL. [C:\softcoinp\Softcoinp.Backend\Softcoinp.Backend.csproj]
C:\softcoinp\Softcoinp.Backend\Controllers\VehiculosController.cs(69,132): warning CS8602: Desreferencia de una referencia posiblemente NULL. [C:\softcoinp\Softcoinp.Backend\Softcoinp.Backend.csproj]
C:\softcoinp\Softcoinp.Backend\Controllers\VehiculosController.cs(79,69): warning CS8604: Posible argumento de referencia nulo para el parámetro "matchExpression" en "bool NpgsqlDbFunctionsExtensions.ILike(DbFunctions _, string matchExpression, string pattern)". [C:\softcoinp\Softcoinp.Backend\Softcoinp.Backend.csproj]
C:\softcoinp\Softcoinp.Backend\Controllers\VehiculosController.cs(82,69): warning CS8604: Posible argumento de referencia nulo para el parámetro "matchExpression" en "bool NpgsqlDbFunctionsExtensions.ILike(DbFunctions _, string matchExpression, string pattern)". [C:\softcoinp\Softcoinp.Backend\Softcoinp.Backend.csproj]
C:\softcoinp\Softcoinp.Backend\Controllers\VehiculosController.cs(88,69): warning CS8604: Posible argumento de referencia nulo para el parámetro "matchExpression" en "bool NpgsqlDbFunctionsExtensions.ILike(DbFunctions _, string matchExpression, string pattern)". [C:\softcoinp\Softcoinp.Backend\Softcoinp.Backend.csproj]
C:\softcoinp\Softcoinp.Backend\Controllers\CorrespondenciaController.cs(128,59): warning CS8625: No se puede convertir un literal NULL en un tipo de referencia que no acepta valores NULL. [C:\softcoinp\Softcoinp.Backend\Softcoinp.Backend.csproj]
C:\softcoinp\Softcoinp.Backend\Controllers\CorrespondenciaController.cs(143,59): warning CS8625: No se puede convertir un literal NULL en un tipo de referencia que no acepta valores NULL. [C:\softcoinp\Softcoinp.Backend\Softcoinp.Backend.csproj]
C:\softcoinp\Softcoinp.Backend\Controllers\RegistroVehiculoController.cs(175,59): warning CS8625: No se puede convertir un literal NULL en un tipo de referencia que no acepta valores NULL. [C:\softcoinp\Softcoinp.Backend\Softcoinp.Backend.csproj]
C:\softcoinp\Softcoinp.Backend\Controllers\PersonalController.cs(66,59): warning CS8625: No se puede convertir un literal NULL en un tipo de referencia que no acepta valores NULL. [C:\softcoinp\Softcoinp.Backend\Softcoinp.Backend.csproj]
C:\softcoinp\Softcoinp.Backend\Controllers\RegistrosController.cs(124,59): warning CS8625: No se puede convertir un literal NULL en un tipo de referencia que no acepta valores NULL. [C:\softcoinp\Softcoinp.Backend\Softcoinp.Backend.csproj]
C:\softcoinp\Softcoinp.Backend\Controllers\PersonalController.cs(107,59): warning CS8625: No se puede convertir un literal NULL en un tipo de referencia que no acepta valores NULL. [C:\softcoinp\Softcoinp.Backend\Softcoinp.Backend.csproj]
C:\softcoinp\Softcoinp.Backend\Controllers\RegistrosController.cs(548,26): warning CS8601: Posible asignación de referencia nula. [C:\softcoinp\Softcoinp.Backend\Softcoinp.Backend.csproj]
C:\softcoinp\Softcoinp.Backend\Controllers\MaintenanceController.cs(53,41): warning EF1002: Method 'ExecuteSqlRawAsync' inserts interpolated strings directly into the SQL, without any protection against SQL injection. Consider using 'ExecuteSqlAsync' instead, which protects against SQL injection, or make sure that the value is sanitized and suppress the warning. [C:\softcoinp\Softcoinp.Backend\Softcoinp.Backend.csproj]
C:\softcoinp\Softcoinp.Backend\Controllers\AnotacionesController.cs(41,45): error CS8072: Una expresión lambda de árbol de expresión no puede contener un operador de propagación NULL. [C:\softcoinp\Softcoinp.Backend\Softcoinp.Backend.csproj]
C:\softcoinp\Softcoinp.Backend\Controllers\AnotacionesController.cs(42,47): error CS8072: Una expresión lambda de árbol de expresión no puede contener un operador de propagación NULL. [C:\softcoinp\Softcoinp.Backend\Softcoinp.Backend.csproj]
C:\softcoinp\Softcoinp.Backend\Controllers\AnotacionesController.cs(43,48): error CS8072: Una expresión lambda de árbol de expresión no puede contener un operador de propagación NULL. [C:\softcoinp\Softcoinp.Backend\Softcoinp.Backend.csproj]
C:\softcoinp\Softcoinp.Backend\Controllers\AnotacionesController.cs(45,44): error CS8072: Una expresión lambda de árbol de expresión no puede contener un operador de propagación NULL. [C:\softcoinp\Softcoinp.Backend\Softcoinp.Backend.csproj]
C:\softcoinp\Softcoinp.Backend\Controllers\AnotacionesController.cs(160,45): error CS8072: Una expresión lambda de árbol de expresión no puede contener un operador de propagación NULL. [C:\softcoinp\Softcoinp.Backend\Softcoinp.Backend.csproj]
C:\softcoinp\Softcoinp.Backend\Controllers\AnotacionesController.cs(161,47): error CS8072: Una expresión lambda de árbol de expresión no puede contener un operador de propagación NULL. [C:\softcoinp\Softcoinp.Backend\Softcoinp.Backend.csproj]
C:\softcoinp\Softcoinp.Backend\Controllers\AnotacionesController.cs(162,48): error CS8072: Una expresión lambda de árbol de expresión no puede contener un operador de propagación NULL. [C:\softcoinp\Softcoinp.Backend\Softcoinp.Backend.csproj]
    15 Advertencia(s)
    7 Errores

Tiempo transcurrido 00:00:02.53
